[2025-03-14 10:53:14.328] [jointLog] [info] setting maxHashResizeThreads to 12
[2025-03-14 10:53:14.328] [jointLog] [info] Fragment incompatibility prior below threshold.  Incompatible fragments will be ignored.
[2025-03-14 10:53:14.328] [jointLog] [info] Usage of --validateMappings implies use of minScoreFraction. Since not explicitly specified, it is being set to 0.65
[2025-03-14 10:53:14.328] [jointLog] [info] Setting consensusSlack to selective-alignment default of 0.35.
[2025-03-14 10:53:14.328] [jointLog] [info] parsing read library format
[2025-03-14 10:53:14.328] [jointLog] [info] There is 1 library.
[2025-03-14 10:53:14.328] [jointLog] [info] Loading pufferfish index
[2025-03-14 10:53:14.328] [jointLog] [info] Loading dense pufferfish index.
[2025-03-14 10:53:14.797] [jointLog] [info] done
[2025-03-14 10:53:14.882] [jointLog] [info] Index contained 58,693 targets
[2025-03-14 10:53:14.905] [jointLog] [info] Number of decoys : 0
[2025-03-14 10:53:15.557] [jointLog] [info] Automatically detected most likely library type as ISR

[2025-03-14 10:58:13.792] [jointLog] [info] Thread saw mini-batch with a maximum of 2.92% zero probability fragments
[2025-03-14 10:58:13.795] [jointLog] [info] Thread saw mini-batch with a maximum of 2.80% zero probability fragments
[2025-03-14 10:58:13.806] [jointLog] [info] Thread saw mini-batch with a maximum of 2.70% zero probability fragments
[2025-03-14 10:58:13.827] [jointLog] [info] Thread saw mini-batch with a maximum of 2.92% zero probability fragments
[2025-03-14 10:58:13.827] [jointLog] [info] Thread saw mini-batch with a maximum of 2.76% zero probability fragments
[2025-03-14 10:58:13.866] [jointLog] [info] Thread saw mini-batch with a maximum of 3.14% zero probability fragments
[2025-03-14 10:58:13.881] [jointLog] [info] Thread saw mini-batch with a maximum of 2.82% zero probability fragments
[2025-03-14 10:58:13.882] [jointLog] [info] Thread saw mini-batch with a maximum of 2.80% zero probability fragments
[2025-03-14 10:58:13.910] [jointLog] [info] Thread saw mini-batch with a maximum of 2.98% zero probability fragments
[2025-03-14 10:58:13.914] [jointLog] [info] Thread saw mini-batch with a maximum of 2.82% zero probability fragments
[2025-03-14 10:58:13.947] [jointLog] [info] Thread saw mini-batch with a maximum of 2.94% zero probability fragments
[2025-03-14 10:58:13.967] [jointLog] [info] Thread saw mini-batch with a maximum of 2.86% zero probability fragments
[2025-03-14 10:58:14.143] [jointLog] [info] Computed 87,213 rich equivalence classes for further processing
[2025-03-14 10:58:14.143] [jointLog] [info] Counted 63,157,979 total reads in the equivalence classes 
[2025-03-14 10:58:14.148] [jointLog] [info] Number of mappings discarded because of alignment score : 31,556,792
[2025-03-14 10:58:14.148] [jointLog] [info] Number of fragments entirely discarded because of alignment score : 7,445,014
[2025-03-14 10:58:14.148] [jointLog] [info] Number of fragments discarded because they are best-mapped to decoys : 0
[2025-03-14 10:58:14.148] [jointLog] [info] Number of fragments discarded because they have only dovetail (discordant) mappings to valid targets : 15,331,138
[2025-03-14 10:58:14.148] [jointLog] [info] Mapping rate = 84.5199%

[2025-03-14 10:58:14.148] [jointLog] [info] finished quantifyLibrary()
[2025-03-14 10:58:14.148] [jointLog] [info] Starting optimizer
[2025-03-14 10:58:14.179] [jointLog] [info] Marked 0 weighted equivalence classes as degenerate
[2025-03-14 10:58:14.187] [jointLog] [info] iteration = 0 | max rel diff. = 196.657
[2025-03-14 10:58:14.143] [fileLog] [info] 
At end of round 0
==================
Observed 74725532 total fragments (74725532 in most recent round)

[2025-03-14 10:58:14.862] [jointLog] [info] iteration = 100 | max rel diff. = 0.0603549
[2025-03-14 10:58:15.542] [jointLog] [info] iteration = 200 | max rel diff. = 0.14623
[2025-03-14 10:58:16.103] [jointLog] [info] iteration = 300 | max rel diff. = 0.0622532
[2025-03-14 10:58:16.615] [jointLog] [info] iteration = 400 | max rel diff. = 0.020145
[2025-03-14 10:58:16.985] [jointLog] [info] iteration = 474 | max rel diff. = 0.00517451
[2025-03-14 10:58:16.990] [jointLog] [info] Finished optimizer
[2025-03-14 10:58:16.990] [jointLog] [info] writing output 

