[2025-03-14 10:58:17.873] [jointLog] [info] setting maxHashResizeThreads to 12
[2025-03-14 10:58:17.873] [jointLog] [info] Fragment incompatibility prior below threshold.  Incompatible fragments will be ignored.
[2025-03-14 10:58:17.873] [jointLog] [info] Usage of --validateMappings implies use of minScoreFraction. Since not explicitly specified, it is being set to 0.65
[2025-03-14 10:58:17.873] [jointLog] [info] Setting consensusSlack to selective-alignment default of 0.35.
[2025-03-14 10:58:17.873] [jointLog] [info] parsing read library format
[2025-03-14 10:58:17.873] [jointLog] [info] There is 1 library.
[2025-03-14 10:58:17.873] [jointLog] [info] Loading pufferfish index
[2025-03-14 10:58:17.874] [jointLog] [info] Loading dense pufferfish index.
[2025-03-14 10:58:18.301] [jointLog] [info] done
[2025-03-14 10:58:18.335] [jointLog] [info] Index contained 58,693 targets
[2025-03-14 10:58:18.350] [jointLog] [info] Number of decoys : 0
[2025-03-14 10:58:18.953] [jointLog] [info] Automatically detected most likely library type as ISR

[2025-03-14 11:02:50.862] [jointLog] [info] Thread saw mini-batch with a maximum of 2.54% zero probability fragments
[2025-03-14 11:02:50.862] [jointLog] [info] Thread saw mini-batch with a maximum of 2.62% zero probability fragments
[2025-03-14 11:02:50.862] [jointLog] [info] Thread saw mini-batch with a maximum of 2.70% zero probability fragments
[2025-03-14 11:02:50.862] [jointLog] [info] Thread saw mini-batch with a maximum of 2.68% zero probability fragments
[2025-03-14 11:02:50.899] [jointLog] [info] Thread saw mini-batch with a maximum of 2.62% zero probability fragments
[2025-03-14 11:02:50.912] [jointLog] [info] Thread saw mini-batch with a maximum of 2.76% zero probability fragments
[2025-03-14 11:02:50.915] [jointLog] [info] Thread saw mini-batch with a maximum of 2.62% zero probability fragments
[2025-03-14 11:02:50.963] [jointLog] [info] Thread saw mini-batch with a maximum of 2.64% zero probability fragments
[2025-03-14 11:02:50.982] [jointLog] [info] Thread saw mini-batch with a maximum of 2.64% zero probability fragments
[2025-03-14 11:02:51.001] [jointLog] [info] Thread saw mini-batch with a maximum of 2.78% zero probability fragments
[2025-03-14 11:02:51.021] [jointLog] [info] Thread saw mini-batch with a maximum of 2.70% zero probability fragments
[2025-03-14 11:02:51.027] [jointLog] [info] Thread saw mini-batch with a maximum of 2.72% zero probability fragments
[2025-03-14 11:02:51.170] [jointLog] [info] Computed 81,273 rich equivalence classes for further processing
[2025-03-14 11:02:51.170] [jointLog] [info] Counted 59,176,061 total reads in the equivalence classes 
[2025-03-14 11:02:51.175] [jointLog] [info] Number of mappings discarded because of alignment score : 33,390,861
[2025-03-14 11:02:51.175] [jointLog] [info] Number of fragments entirely discarded because of alignment score : 7,034,391
[2025-03-14 11:02:51.175] [jointLog] [info] Number of fragments discarded because they are best-mapped to decoys : 0
[2025-03-14 11:02:51.175] [jointLog] [info] Number of fragments discarded because they have only dovetail (discordant) mappings to valid targets : 14,380,673
[2025-03-14 11:02:51.175] [jointLog] [info] Mapping rate = 84.7501%

[2025-03-14 11:02:51.175] [jointLog] [info] finished quantifyLibrary()
[2025-03-14 11:02:51.175] [jointLog] [info] Starting optimizer
[2025-03-14 11:02:51.203] [jointLog] [info] Marked 0 weighted equivalence classes as degenerate
[2025-03-14 11:02:51.211] [jointLog] [info] iteration = 0 | max rel diff. = 262.859
[2025-03-14 11:02:51.171] [fileLog] [info] 
At end of round 0
==================
Observed 69824189 total fragments (69824189 in most recent round)

[2025-03-14 11:02:51.903] [jointLog] [info] iteration = 100 | max rel diff. = 0.19751
[2025-03-14 11:02:52.591] [jointLog] [info] iteration = 200 | max rel diff. = 11.7587
[2025-03-14 11:02:53.275] [jointLog] [info] iteration = 300 | max rel diff. = 0.0903182
[2025-03-14 11:02:53.962] [jointLog] [info] iteration = 400 | max rel diff. = 0.0226035
[2025-03-14 11:02:54.662] [jointLog] [info] iteration = 500 | max rel diff. = 0.0395251
[2025-03-14 11:02:55.368] [jointLog] [info] iteration = 600 | max rel diff. = 0.0152966
[2025-03-14 11:02:56.067] [jointLog] [info] iteration = 700 | max rel diff. = 6.98414
[2025-03-14 11:02:56.749] [jointLog] [info] iteration = 800 | max rel diff. = 0.0229691
[2025-03-14 11:02:57.070] [jointLog] [info] iteration = 848 | max rel diff. = 0.00991028
[2025-03-14 11:02:57.077] [jointLog] [info] Finished optimizer
[2025-03-14 11:02:57.077] [jointLog] [info] writing output 

