[2025-03-14 11:11:42.661] [jointLog] [info] setting maxHashResizeThreads to 12
[2025-03-14 11:11:42.661] [jointLog] [info] Fragment incompatibility prior below threshold.  Incompatible fragments will be ignored.
[2025-03-14 11:11:42.661] [jointLog] [info] Usage of --validateMappings implies use of minScoreFraction. Since not explicitly specified, it is being set to 0.65
[2025-03-14 11:11:42.661] [jointLog] [info] Setting consensusSlack to selective-alignment default of 0.35.
[2025-03-14 11:11:42.661] [jointLog] [info] parsing read library format
[2025-03-14 11:11:42.661] [jointLog] [info] There is 1 library.
[2025-03-14 11:11:42.661] [jointLog] [info] Loading pufferfish index
[2025-03-14 11:11:42.661] [jointLog] [info] Loading dense pufferfish index.
[2025-03-14 11:11:43.137] [jointLog] [info] done
[2025-03-14 11:11:43.224] [jointLog] [info] Index contained 58,693 targets
[2025-03-14 11:11:43.247] [jointLog] [info] Number of decoys : 0
[2025-03-14 11:11:43.884] [jointLog] [info] Automatically detected most likely library type as ISR

[2025-03-14 11:16:30.452] [jointLog] [info] Thread saw mini-batch with a maximum of 2.22% zero probability fragments
[2025-03-14 11:16:30.452] [jointLog] [info] Thread saw mini-batch with a maximum of 2.44% zero probability fragments
[2025-03-14 11:16:30.484] [jointLog] [info] Thread saw mini-batch with a maximum of 2.24% zero probability fragments
[2025-03-14 11:16:30.499] [jointLog] [info] Thread saw mini-batch with a maximum of 2.28% zero probability fragments
[2025-03-14 11:16:30.509] [jointLog] [info] Thread saw mini-batch with a maximum of 2.18% zero probability fragments
[2025-03-14 11:16:30.528] [jointLog] [info] Thread saw mini-batch with a maximum of 2.18% zero probability fragments
[2025-03-14 11:16:30.541] [jointLog] [info] Thread saw mini-batch with a maximum of 2.30% zero probability fragments
[2025-03-14 11:16:30.560] [jointLog] [info] Thread saw mini-batch with a maximum of 2.26% zero probability fragments
[2025-03-14 11:16:30.574] [jointLog] [info] Thread saw mini-batch with a maximum of 2.24% zero probability fragments
[2025-03-14 11:16:30.581] [jointLog] [info] Thread saw mini-batch with a maximum of 2.38% zero probability fragments
[2025-03-14 11:16:30.593] [jointLog] [info] Thread saw mini-batch with a maximum of 2.32% zero probability fragments
[2025-03-14 11:16:30.618] [jointLog] [info] Thread saw mini-batch with a maximum of 2.36% zero probability fragments
[2025-03-14 11:16:30.822] [jointLog] [info] Computed 93,789 rich equivalence classes for further processing
[2025-03-14 11:16:30.822] [jointLog] [info] Counted 66,303,528 total reads in the equivalence classes 
[2025-03-14 11:16:30.828] [jointLog] [info] Number of mappings discarded because of alignment score : 24,972,721
[2025-03-14 11:16:30.828] [jointLog] [info] Number of fragments entirely discarded because of alignment score : 5,131,606
[2025-03-14 11:16:30.828] [jointLog] [info] Number of fragments discarded because they are best-mapped to decoys : 0
[2025-03-14 11:16:30.828] [jointLog] [info] Number of fragments discarded because they have only dovetail (discordant) mappings to valid targets : 10,476,928
[2025-03-14 11:16:30.828] [jointLog] [info] Mapping rate = 88.4653%

[2025-03-14 11:16:30.828] [jointLog] [info] finished quantifyLibrary()
[2025-03-14 11:16:30.828] [jointLog] [info] Starting optimizer
[2025-03-14 11:16:30.866] [jointLog] [info] Marked 0 weighted equivalence classes as degenerate
[2025-03-14 11:16:30.874] [jointLog] [info] iteration = 0 | max rel diff. = 229.318
[2025-03-14 11:16:30.822] [fileLog] [info] 
At end of round 0
==================
Observed 74948638 total fragments (74948638 in most recent round)

[2025-03-14 11:16:31.561] [jointLog] [info] iteration = 100 | max rel diff. = 3.30149
[2025-03-14 11:16:32.242] [jointLog] [info] iteration = 200 | max rel diff. = 0.0757387
[2025-03-14 11:16:32.793] [jointLog] [info] iteration = 300 | max rel diff. = 0.170906
[2025-03-14 11:16:33.283] [jointLog] [info] iteration = 400 | max rel diff. = 0.794992
[2025-03-14 11:16:33.778] [jointLog] [info] iteration = 500 | max rel diff. = 0.113061
[2025-03-14 11:16:34.461] [jointLog] [info] iteration = 600 | max rel diff. = 0.126333
[2025-03-14 11:16:35.139] [jointLog] [info] iteration = 700 | max rel diff. = 0.0130133
[2025-03-14 11:16:35.721] [jointLog] [info] iteration = 787 | max rel diff. = 0.00720944
[2025-03-14 11:16:35.735] [jointLog] [info] Finished optimizer
[2025-03-14 11:16:35.735] [jointLog] [info] writing output 

