[2025-03-14 11:07:17.925] [jointLog] [info] setting maxHashResizeThreads to 12
[2025-03-14 11:07:17.925] [jointLog] [info] Fragment incompatibility prior below threshold.  Incompatible fragments will be ignored.
[2025-03-14 11:07:17.925] [jointLog] [info] Usage of --validateMappings implies use of minScoreFraction. Since not explicitly specified, it is being set to 0.65
[2025-03-14 11:07:17.925] [jointLog] [info] Setting consensusSlack to selective-alignment default of 0.35.
[2025-03-14 11:07:17.925] [jointLog] [info] parsing read library format
[2025-03-14 11:07:17.925] [jointLog] [info] There is 1 library.
[2025-03-14 11:07:17.925] [jointLog] [info] Loading pufferfish index
[2025-03-14 11:07:17.925] [jointLog] [info] Loading dense pufferfish index.
[2025-03-14 11:07:18.281] [jointLog] [info] done
[2025-03-14 11:07:18.351] [jointLog] [info] Index contained 58,693 targets
[2025-03-14 11:07:18.368] [jointLog] [info] Number of decoys : 0
[2025-03-14 11:07:18.945] [jointLog] [info] Automatically detected most likely library type as ISR

[2025-03-14 11:11:37.910] [jointLog] [info] Thread saw mini-batch with a maximum of 2.14% zero probability fragments
[2025-03-14 11:11:37.916] [jointLog] [info] Thread saw mini-batch with a maximum of 2.14% zero probability fragments
[2025-03-14 11:11:37.930] [jointLog] [info] Thread saw mini-batch with a maximum of 2.08% zero probability fragments
[2025-03-14 11:11:37.945] [jointLog] [info] Thread saw mini-batch with a maximum of 2.06% zero probability fragments
[2025-03-14 11:11:37.956] [jointLog] [info] Thread saw mini-batch with a maximum of 2.10% zero probability fragments
[2025-03-14 11:11:37.971] [jointLog] [info] Thread saw mini-batch with a maximum of 2.06% zero probability fragments
[2025-03-14 11:11:37.995] [jointLog] [info] Thread saw mini-batch with a maximum of 2.28% zero probability fragments
[2025-03-14 11:11:38.010] [jointLog] [info] Thread saw mini-batch with a maximum of 2.06% zero probability fragments
[2025-03-14 11:11:38.032] [jointLog] [info] Thread saw mini-batch with a maximum of 2.30% zero probability fragments
[2025-03-14 11:11:38.054] [jointLog] [info] Thread saw mini-batch with a maximum of 2.10% zero probability fragments
[2025-03-14 11:11:38.071] [jointLog] [info] Thread saw mini-batch with a maximum of 2.20% zero probability fragments
[2025-03-14 11:11:38.092] [jointLog] [info] Thread saw mini-batch with a maximum of 2.12% zero probability fragments
[2025-03-14 11:11:38.342] [fileLog] [info] 
At end of round 0
==================
Observed 67875484 total fragments (67875484 in most recent round)

[2025-03-14 11:11:38.342] [jointLog] [info] Computed 83,993 rich equivalence classes for further processing
[2025-03-14 11:11:38.342] [jointLog] [info] Counted 60,128,284 total reads in the equivalence classes 
[2025-03-14 11:11:38.347] [jointLog] [info] Number of mappings discarded because of alignment score : 24,462,528
[2025-03-14 11:11:38.347] [jointLog] [info] Number of fragments entirely discarded because of alignment score : 4,705,222
[2025-03-14 11:11:38.347] [jointLog] [info] Number of fragments discarded because they are best-mapped to decoys : 0
[2025-03-14 11:11:38.347] [jointLog] [info] Number of fragments discarded because they have only dovetail (discordant) mappings to valid targets : 9,571,000
[2025-03-14 11:11:38.347] [jointLog] [info] Mapping rate = 88.5862%

[2025-03-14 11:11:38.347] [jointLog] [info] finished quantifyLibrary()
[2025-03-14 11:11:38.348] [jointLog] [info] Starting optimizer
[2025-03-14 11:11:38.384] [jointLog] [info] Marked 0 weighted equivalence classes as degenerate
[2025-03-14 11:11:38.391] [jointLog] [info] iteration = 0 | max rel diff. = 217.893
[2025-03-14 11:11:39.076] [jointLog] [info] iteration = 100 | max rel diff. = 0.512788
[2025-03-14 11:11:39.752] [jointLog] [info] iteration = 200 | max rel diff. = 0.105643
[2025-03-14 11:11:40.433] [jointLog] [info] iteration = 300 | max rel diff. = 0.0344635
[2025-03-14 11:11:41.053] [jointLog] [info] iteration = 400 | max rel diff. = 0.219849
[2025-03-14 11:11:41.524] [jointLog] [info] iteration = 500 | max rel diff. = 0.0137632
[2025-03-14 11:11:41.997] [jointLog] [info] iteration = 600 | max rel diff. = 0.00860327
[2025-03-14 11:11:42.004] [jointLog] [info] Finished optimizer
[2025-03-14 11:11:42.004] [jointLog] [info] writing output 

